// Jest Snapshot v1, https://goo.gl/fbAQLP

exports[`Pruebas de <FirstApp/> Debe hacer match con el snapshot 1`] = `
<div>
  <h1
    data-testid="test-title"
  >
     
    Hola Taradas!!!
     
  </h1>
  <p>
    No hay subtítulo!
  </p>
  <p>
    No hay subtítulo!
  </p>
  <p>
    Nicolás Bojko
  </p>
</div>
`;
